
> develop
> strapi develop

- Cleaning dist dir C:/Users/ibert/OneDrive/Odoo2.0/backend/dist
✔ Cleaning dist dir (52ms)
- Loading Strapi
[2026-05-15 19:39:42.814] [33mwarn[39m: [email]: The "sendmail" email provider is still supported, but for most production setups that use a dedicated SMTP relay, consider switching to @strapi/provider-email-nodemailer (set `provider` to `"nodemailer"` in your email plugin config). This message is only shown in non-production environments.
[2026-05-15 19:39:43.030] [33mwarn[39m: admin.auth.options.expiresIn is deprecated and will be removed in Strapi 6. Please configure admin.auth.sessions.maxRefreshTokenLifespan and admin.auth.sessions.maxSessionLifespan.
[2026-05-15 19:39:43.212] [32minfo[39m: [bootstrap] Granted 2 public API permissions
- Building build context
[INFO] Including the following ENV variables as part of the JS bundle:
    - ADMIN_PATH
    - STRAPI_ADMIN_BACKEND_URL
    - STRAPI_TELEMETRY_DISABLED
    - STRAPI_AI_URL
    - STRAPI_ANALYTICS_URL
✔ Building build context (192ms)
- Creating admin
✔ Creating admin (755ms)
✔ Loading Strapi (4068ms)
- Generating types
✔ Generating types (564ms)
- Compiling TS
- Cleaning dist dir C:/Users/ibert/OneDrive/Odoo2.0/backend/dist
✔ Cleaning dist dir (90ms)
✔ Compiling TS (4043ms)

 Project information

[90m┌────────────────────[39m[90m┬──────────────────────────────────────────────────┐[39m
[90m│[39m Time               [90m│[39m Fri May 15 2026 19:39:48 GMT+0200 (Mitteleuropä… [90m│[39m
[90m│[39m Launched in        [90m│[39m 8697 ms                                          [90m│[39m
[90m│[39m Environment        [90m│[39m development                                      [90m│[39m
[90m│[39m Process PID        [90m│[39m 15508                                            [90m│[39m
[90m│[39m Version            [90m│[39m 5.46.0 (node v24.15.0)                           [90m│[39m
[90m│[39m Edition            [90m│[39m Community                                        [90m│[39m
[90m│[39m Database           [90m│[39m sqlite                                           [90m│[39m
[90m│[39m Database name      [90m│[39m .tmp\data.db                                     [90m│[39m
[90m└────────────────────[39m[90m┴──────────────────────────────────────────────────┘[39m

 Actions available

Welcome back!
To access the server ⚡️, go to:
http://localhost:1337

[2026-05-15 19:39:48.818] [32minfo[39m: Strapi started successfully
[2026-05-15 19:41:01.989] [32mhttp[39m: GET /api/services?status=published (30 ms) 200
[2026-05-15 19:41:02.067] [32mhttp[39m: GET /api/faqs?status=published (10 ms) 200
[2026-05-15 19:41:02.078] [32mhttp[39m: GET /api/blog-posts?status=published (8 ms) 200
[2026-05-15 19:41:02.088] [32mhttp[39m: GET /api/homepage?status=published (5 ms) 200
[2026-05-15 19:41:02.106] [32mhttp[39m: GET /api/global (4 ms) 200
[2026-05-15 19:42:06.680] [32mhttp[39m: GET /admin/settings/api-tokens/3 (71 ms) 200
[2026-05-15 19:42:07.865] [32mhttp[39m: GET /admin/project-type (7 ms) 200
[2026-05-15 19:42:09.204] [32mhttp[39m: GET /admin/init (11 ms) 200
[2026-05-15 19:42:09.225] [32mhttp[39m: GET /admin/users/me (12 ms) 401
[2026-05-15 19:42:09.231] [32mhttp[39m: GET /admin/users/me/permissions (5 ms) 401
[2026-05-15 19:42:09.276] [32mhttp[39m: GET /admin/information (7 ms) 401
[2026-05-15 19:42:09.284] [32mhttp[39m: GET /admin/telemetry-properties (7 ms) 401
[2026-05-15 19:42:09.362] [32mhttp[39m: POST /admin/access-token (74 ms) 200
[2026-05-15 19:42:09.441] [32mhttp[39m: GET /admin/users/me (52 ms) 200
[2026-05-15 19:42:09.492] [32mhttp[39m: GET /admin/users/me/permissions (98 ms) 200
[2026-05-15 19:42:09.514] [32mhttp[39m: GET /admin/information (118 ms) 200
[2026-05-15 19:42:09.661] [32mhttp[39m: GET /admin/guided-tour-meta (30 ms) 200
[2026-05-15 19:42:09.674] [32mhttp[39m: GET /admin/license-limit-information (11 ms) 200
[2026-05-15 19:42:09.934] [32mhttp[39m: GET /admin/content-api/permissions (25 ms) 200
[2026-05-15 19:42:09.966] [32mhttp[39m: GET /admin/content-api/routes (29 ms) 200
[2026-05-15 19:42:11.737] [32mhttp[39m: GET /api/homepage?status=published (7 ms) 200
[2026-05-15 19:42:11.757] [32mhttp[39m: GET /api/services?sort=order:asc&pagination[limit]=10&status=published (16 ms) 200
[2026-05-15 19:42:11.771] [32mhttp[39m: GET /api/faqs?sort=order:asc&pagination[limit]=20&status=published (12 ms) 200
[2026-05-15 19:42:11.786] [32mhttp[39m: GET /api/blog-posts?sort=publishedAt:desc&pagination[limit]=3&status=published (12 ms) 200
[2026-05-15 19:42:11.794] [32mhttp[39m: GET /api/global (6 ms) 200
[2026-05-15 19:42:34.551] [32mhttp[39m: GET /api/homepage?status=published (4 ms) 200
[2026-05-15 19:42:34.564] [32mhttp[39m: GET /api/services?sort=order:asc&pagination[limit]=10&status=published (11 ms) 200
[2026-05-15 19:42:34.574] [32mhttp[39m: GET /api/faqs?sort=order:asc&pagination[limit]=20&status=published (8 ms) 200
[2026-05-15 19:42:34.585] [32mhttp[39m: GET /api/blog-posts?sort=publishedAt:desc&pagination[limit]=3&status=published (8 ms) 200
[2026-05-15 19:42:34.591] [32mhttp[39m: GET /api/global (4 ms) 200
[2026-05-15 19:48:43.874] [32mhttp[39m: GET /content-manager/init (20 ms) 200
[2026-05-15 19:48:43.909] [32mhttp[39m: GET /content-manager/content-types-settings (32 ms) 200
[2026-05-15 19:48:44.010] [32mhttp[39m: GET /content-manager/init (17 ms) 200
[2026-05-15 19:48:44.068] [32mhttp[39m: GET /content-manager/content-types/api::blog-post.blog-post/configuration (18 ms) 200
[2026-05-15 19:48:44.136] [32mhttp[39m: GET /content-manager/collection-types/api::blog-post.blog-post?page=1&pageSize=10&sort=title%3AASC (35 ms) 200
[2026-05-15 19:48:44.269] [32mhttp[39m: GET /admin/ai-feature-config (18 ms) 404
[2026-05-15 19:48:44.283] [32mhttp[39m: GET /i18n/locales (13 ms) 200
[2026-05-15 19:48:48.609] [32mhttp[39m: GET /content-manager/content-types/api::faq.faq/configuration (15 ms) 200
[2026-05-15 19:48:48.672] [32mhttp[39m: GET /content-manager/collection-types/api::faq.faq?page=1&pageSize=10&sort=question%3AASC (26 ms) 200
[2026-05-15 19:48:48.768] [32mhttp[39m: GET /admin/ai-feature-config (17 ms) 404
[2026-05-15 19:48:49.850] [32mhttp[39m: GET /content-manager/content-types/plugin::users-permissions.user/configuration (18 ms) 200
[2026-05-15 19:48:49.878] [32mhttp[39m: GET /content-manager/collection-types/plugin::users-permissions.user?page=1&pageSize=10&sort=username%3AASC (21 ms) 200
[2026-05-15 19:48:50.603] [32mhttp[39m: GET /content-manager/content-types/api::service.service/configuration (14 ms) 200
[2026-05-15 19:48:50.630] [32mhttp[39m: GET /content-manager/collection-types/api::service.service?page=1&pageSize=10&sort=title%3AASC (18 ms) 200
[2026-05-15 19:48:50.709] [32mhttp[39m: GET /admin/ai-feature-config (15 ms) 404
[2026-05-15 19:48:52.585] [32mhttp[39m: GET /admin/homepage/layout (14 ms) 200
[2026-05-15 19:48:52.606] [32mhttp[39m: GET /content-manager/homepage/count-documents (21 ms) 200
[2026-05-15 19:48:52.621] [32mhttp[39m: GET /admin/homepage/key-statistics (14 ms) 200
[2026-05-15 19:48:52.820] [32mhttp[39m: GET /content-manager/homepage/recent-documents?action=update (38 ms) 200
[2026-05-15 19:48:52.850] [32mhttp[39m: GET /content-manager/homepage/recent-documents?action=publish (30 ms) 200
[2026-05-15 19:48:54.215] [32mhttp[39m: GET /admin/ai-usage (16 ms) 404
[2026-05-15 19:48:54.231] [32mhttp[39m: GET /content-type-builder/schema (13 ms) 200
[2026-05-15 19:48:54.243] [32mhttp[39m: GET /content-type-builder/reserved-names (11 ms) 200
[2026-05-15 19:48:54.272] [32mhttp[39m: GET /admin/ai-token (27 ms) 404
[2026-05-15 19:48:54.451] [32mhttp[39m: GET /admin/ai-token (14 ms) 404
[2026-05-15 19:59:08.289] [32mhttp[39m: GET /api/homepage?status=published (5 ms) 200
[2026-05-15 19:59:08.300] [32mhttp[39m: GET /api/services?sort=order:asc&pagination[limit]=10&status=published (8 ms) 200
[2026-05-15 19:59:08.310] [32mhttp[39m: GET /api/blog-posts?sort=publishedAt:desc&pagination[limit]=3&status=published (8 ms) 200
[2026-05-15 19:59:08.320] [32mhttp[39m: GET /api/faqs?sort=order:asc&pagination[limit]=20&status=published (8 ms) 200
[2026-05-15 19:59:08.327] [32mhttp[39m: GET /api/global (5 ms) 200
[2026-05-15 19:59:52.839] [32mhttp[39m: GET /api/homepage?status=published (4 ms) 200
[2026-05-15 19:59:52.849] [32mhttp[39m: GET /api/services?sort=order:asc&pagination[limit]=10&status=published (8 ms) 200
[2026-05-15 19:59:52.857] [32mhttp[39m: GET /api/faqs?sort=order:asc&pagination[limit]=20&status=published (7 ms) 200
[2026-05-15 19:59:52.865] [32mhttp[39m: GET /api/blog-posts?sort=publishedAt:desc&pagination[limit]=3&status=published (6 ms) 200
[2026-05-15 19:59:52.870] [32mhttp[39m: GET /api/global (3 ms) 200
[2026-05-15 20:00:40.738] [32mhttp[39m: GET /api/homepage?status=published (4 ms) 200
[2026-05-15 20:00:40.750] [32mhttp[39m: GET /api/services?sort=order:asc&pagination[limit]=10&status=published (9 ms) 200
[2026-05-15 20:00:40.760] [32mhttp[39m: GET /api/faqs?sort=order:asc&pagination[limit]=20&status=published (8 ms) 200
[2026-05-15 20:00:40.768] [32mhttp[39m: GET /api/blog-posts?sort=publishedAt:desc&pagination[limit]=3&status=published (6 ms) 200
[2026-05-15 20:00:40.774] [32mhttp[39m: GET /api/global (3 ms) 200
[2026-05-15 20:01:17.904] [32mhttp[39m: GET /api/homepage?status=published (4 ms) 200
[2026-05-15 20:01:17.916] [32mhttp[39m: GET /api/services?sort=order:asc&pagination[limit]=10&status=published (10 ms) 200
[2026-05-15 20:01:17.927] [32mhttp[39m: GET /api/faqs?sort=order:asc&pagination[limit]=20&status=published (9 ms) 200
[2026-05-15 20:01:17.936] [32mhttp[39m: GET /api/blog-posts?sort=publishedAt:desc&pagination[limit]=3&status=published (7 ms) 200
[2026-05-15 20:01:17.941] [32mhttp[39m: GET /api/global (3 ms) 200
[2026-05-15 20:01:59.764] [32mhttp[39m: GET /api/homepage?status=published (4 ms) 200
[2026-05-15 20:01:59.773] [32mhttp[39m: GET /api/services?sort=order:asc&pagination[limit]=10&status=published (8 ms) 200
[2026-05-15 20:01:59.782] [32mhttp[39m: GET /api/faqs?sort=order:asc&pagination[limit]=20&status=published (7 ms) 200
[2026-05-15 20:01:59.791] [32mhttp[39m: GET /api/blog-posts?sort=publishedAt:desc&pagination[limit]=3&status=published (7 ms) 200
[2026-05-15 20:01:59.797] [32mhttp[39m: GET /api/global (4 ms) 200
[2026-05-15 20:02:12.243] [32mhttp[39m: GET /api/homepage?status=published (3 ms) 200
[2026-05-15 20:02:12.253] [32mhttp[39m: GET /api/services?sort=order:asc&pagination[limit]=10&status=published (8 ms) 200
[2026-05-15 20:02:12.262] [32mhttp[39m: GET /api/faqs?sort=order:asc&pagination[limit]=20&status=published (7 ms) 200
[2026-05-15 20:02:12.270] [32mhttp[39m: GET /api/blog-posts?sort=publishedAt:desc&pagination[limit]=3&status=published (6 ms) 200
[2026-05-15 20:02:12.276] [32mhttp[39m: GET /api/global (4 ms) 200
[2026-05-15 20:03:34.925] [32mhttp[39m: GET /api/homepage?status=published (3 ms) 200
[2026-05-15 20:03:34.937] [32mhttp[39m: GET /api/services?sort=order:asc&pagination[limit]=10&status=published (10 ms) 200
[2026-05-15 20:03:34.950] [32mhttp[39m: GET /api/faqs?sort=order:asc&pagination[limit]=20&status=published (10 ms) 200
[2026-05-15 20:03:34.961] [32mhttp[39m: GET /api/blog-posts?sort=publishedAt:desc&pagination[limit]=3&status=published (8 ms) 200
[2026-05-15 20:03:34.969] [32mhttp[39m: GET /api/global (6 ms) 200
[2026-05-15 20:03:47.878] [32mhttp[39m: GET /api/homepage?status=published (4 ms) 200
[2026-05-15 20:03:47.891] [32mhttp[39m: GET /api/services?sort=order:asc&pagination[limit]=10&status=published (10 ms) 200
[2026-05-15 20:03:47.903] [32mhttp[39m: GET /api/blog-posts?sort=publishedAt:desc&pagination[limit]=3&status=published (10 ms) 200
[2026-05-15 20:03:47.914] [32mhttp[39m: GET /api/faqs?sort=order:asc&pagination[limit]=20&status=published (9 ms) 200
[2026-05-15 20:03:47.921] [32mhttp[39m: GET /api/global (4 ms) 200
[2026-05-15 20:09:02.896] [32mhttp[39m: GET /api/homepage?status=published (5 ms) 200
[2026-05-15 20:09:02.911] [32mhttp[39m: GET /api/services?sort=order:asc&pagination[limit]=10&status=published (12 ms) 200
[2026-05-15 20:09:02.924] [32mhttp[39m: GET /api/faqs?sort=order:asc&pagination[limit]=20&status=published (11 ms) 200
[2026-05-15 20:09:02.933] [32mhttp[39m: GET /api/blog-posts?sort=publishedAt:desc&pagination[limit]=3&status=published (7 ms) 200
[2026-05-15 20:09:02.939] [32mhttp[39m: GET /api/global (5 ms) 200
[2026-05-15 20:10:06.821] [32mhttp[39m: GET /api/homepage?status=published (6 ms) 200
[2026-05-15 20:10:06.836] [32mhttp[39m: GET /api/services?sort=order:asc&pagination[limit]=10&status=published (12 ms) 200
[2026-05-15 20:10:06.847] [32mhttp[39m: GET /api/faqs?sort=order:asc&pagination[limit]=20&status=published (9 ms) 200
[2026-05-15 20:10:06.859] [32mhttp[39m: GET /api/blog-posts?sort=publishedAt:desc&pagination[limit]=3&status=published (9 ms) 200
[2026-05-15 20:10:06.867] [32mhttp[39m: GET /api/global (6 ms) 200
[2026-05-15 20:10:40.728] [32mhttp[39m: GET /api/homepage?status=published (5 ms) 200
[2026-05-15 20:10:40.737] [32mhttp[39m: GET /api/services?sort=order:asc&pagination[limit]=10&status=published (7 ms) 200
[2026-05-15 20:10:40.746] [32mhttp[39m: GET /api/faqs?sort=order:asc&pagination[limit]=20&status=published (7 ms) 200
[2026-05-15 20:10:40.754] [32mhttp[39m: GET /api/blog-posts?sort=publishedAt:desc&pagination[limit]=3&status=published (6 ms) 200
[2026-05-15 20:10:40.760] [32mhttp[39m: GET /api/global (4 ms) 200
[2026-05-15 20:11:05.694] [32mhttp[39m: GET /api/homepage?status=published (4 ms) 200
[2026-05-15 20:11:05.703] [32mhttp[39m: GET /api/services?sort=order:asc&pagination[limit]=10&status=published (8 ms) 200
[2026-05-15 20:11:05.711] [32mhttp[39m: GET /api/faqs?sort=order:asc&pagination[limit]=20&status=published (6 ms) 200
[2026-05-15 20:11:05.719] [32mhttp[39m: GET /api/blog-posts?sort=publishedAt:desc&pagination[limit]=3&status=published (6 ms) 200
[2026-05-15 20:11:05.724] [32mhttp[39m: GET /api/global (3 ms) 200
[2026-05-15 20:11:42.082] [32mhttp[39m: GET /api/homepage?status=published (5 ms) 200
[2026-05-15 20:11:42.091] [32mhttp[39m: GET /api/services?sort=order:asc&pagination[limit]=10&status=published (7 ms) 200
[2026-05-15 20:11:42.099] [32mhttp[39m: GET /api/faqs?sort=order:asc&pagination[limit]=20&status=published (7 ms) 200
[2026-05-15 20:11:42.107] [32mhttp[39m: GET /api/blog-posts?sort=publishedAt:desc&pagination[limit]=3&status=published (6 ms) 200
[2026-05-15 20:11:42.113] [32mhttp[39m: GET /api/global (4 ms) 200
[2026-05-15 20:12:03.794] [32mhttp[39m: GET /api/homepage?status=published (7 ms) 200
[2026-05-15 20:12:03.805] [32mhttp[39m: GET /api/services?sort=order:asc&pagination[limit]=10&status=published (8 ms) 200
[2026-05-15 20:12:03.817] [32mhttp[39m: GET /api/faqs?sort=order:asc&pagination[limit]=20&status=published (10 ms) 200
[2026-05-15 20:12:03.827] [32mhttp[39m: GET /api/blog-posts?sort=publishedAt:desc&pagination[limit]=3&status=published (8 ms) 200
[2026-05-15 20:12:03.835] [32mhttp[39m: GET /api/global (5 ms) 200
[2026-05-15 20:12:16.751] [32mhttp[39m: GET /api/homepage?status=published (4 ms) 200
[2026-05-15 20:12:16.763] [32mhttp[39m: GET /api/services?sort=order:asc&pagination[limit]=10&status=published (9 ms) 200
[2026-05-15 20:12:16.773] [32mhttp[39m: GET /api/faqs?sort=order:asc&pagination[limit]=20&status=published (7 ms) 200
[2026-05-15 20:12:16.782] [32mhttp[39m: GET /api/blog-posts?sort=publishedAt:desc&pagination[limit]=3&status=published (6 ms) 200
[2026-05-15 20:12:16.788] [32mhttp[39m: GET /api/global (3 ms) 200
[2026-05-15 20:13:15.824] [32mhttp[39m: GET /api/homepage?status=published (4 ms) 200
[2026-05-15 20:13:15.836] [32mhttp[39m: GET /api/services?sort=order:asc&pagination[limit]=10&status=published (9 ms) 200
[2026-05-15 20:13:15.847] [32mhttp[39m: GET /api/faqs?sort=order:asc&pagination[limit]=20&status=published (9 ms) 200
[2026-05-15 20:13:15.858] [32mhttp[39m: GET /api/blog-posts?sort=publishedAt:desc&pagination[limit]=3&status=published (9 ms) 200
[2026-05-15 20:13:15.864] [32mhttp[39m: GET /api/global (4 ms) 200
[2026-05-15 20:14:15.976] [32mhttp[39m: GET /api/homepage?status=published (6 ms) 200
[2026-05-15 20:14:15.989] [32mhttp[39m: GET /api/services?sort=order:asc&pagination[limit]=10&status=published (11 ms) 200
[2026-05-15 20:14:16.004] [32mhttp[39m: GET /api/faqs?sort=order:asc&pagination[limit]=20&status=published (13 ms) 200
[2026-05-15 20:14:16.017] [32mhttp[39m: GET /api/blog-posts?sort=publishedAt:desc&pagination[limit]=3&status=published (10 ms) 200
[2026-05-15 20:14:16.024] [32mhttp[39m: GET /api/global (4 ms) 200
[2026-05-15 20:14:38.839] [32mhttp[39m: GET /api/homepage?status=published (4 ms) 200
[2026-05-15 20:14:38.853] [32mhttp[39m: GET /api/services?sort=order:asc&pagination[limit]=10&status=published (12 ms) 200
[2026-05-15 20:14:38.864] [32mhttp[39m: GET /api/faqs?sort=order:asc&pagination[limit]=20&status=published (9 ms) 200
[2026-05-15 20:14:38.875] [32mhttp[39m: GET /api/blog-posts?sort=publishedAt:desc&pagination[limit]=3&status=published (8 ms) 200
[2026-05-15 20:14:38.884] [32mhttp[39m: GET /api/global (6 ms) 200
[2026-05-15 20:14:52.799] [32mhttp[39m: GET /api/homepage?status=published (5 ms) 200
[2026-05-15 20:14:52.811] [32mhttp[39m: GET /api/services?sort=order:asc&pagination[limit]=10&status=published (9 ms) 200
[2026-05-15 20:14:52.821] [32mhttp[39m: GET /api/faqs?sort=order:asc&pagination[limit]=20&status=published (7 ms) 200
[2026-05-15 20:14:52.831] [32mhttp[39m: GET /api/blog-posts?sort=publishedAt:desc&pagination[limit]=3&status=published (8 ms) 200
[2026-05-15 20:14:52.838] [32mhttp[39m: GET /api/global (4 ms) 200
[2026-05-15 20:14:52.844] [32mhttp[39m: GET /api/homepage?status=published (4 ms) 200
[2026-05-15 20:14:52.855] [32mhttp[39m: GET /api/services?sort=order:asc&pagination[limit]=10&status=published (9 ms) 200
[2026-05-15 20:14:52.866] [32mhttp[39m: GET /api/faqs?sort=order:asc&pagination[limit]=20&status=published (9 ms) 200
[2026-05-15 20:14:52.876] [32mhttp[39m: GET /api/blog-posts?sort=publishedAt:desc&pagination[limit]=3&status=published (7 ms) 200
[2026-05-15 20:14:52.883] [32mhttp[39m: GET /api/global (4 ms) 200
[2026-05-15 20:15:04.117] [32mhttp[39m: GET /api/homepage?status=published (5 ms) 200
[2026-05-15 20:15:04.125] [32mhttp[39m: GET /api/services?sort=order:asc&pagination[limit]=10&status=published (6 ms) 200
[2026-05-15 20:15:04.133] [32mhttp[39m: GET /api/faqs?sort=order:asc&pagination[limit]=20&status=published (7 ms) 200
[2026-05-15 20:15:04.141] [32mhttp[39m: GET /api/blog-posts?sort=publishedAt:desc&pagination[limit]=3&status=published (5 ms) 200
[2026-05-15 20:15:04.147] [32mhttp[39m: GET /api/global (4 ms) 200
[2026-05-15 20:16:26.721] [32mhttp[39m: GET /api/homepage?status=published (5 ms) 200
[2026-05-15 20:16:26.730] [32mhttp[39m: GET /api/services?sort=order:asc&pagination[limit]=10&status=published (7 ms) 200
[2026-05-15 20:16:26.738] [32mhttp[39m: GET /api/faqs?sort=order:asc&pagination[limit]=20&status=published (6 ms) 200
[2026-05-15 20:16:26.745] [32mhttp[39m: GET /api/blog-posts?sort=publishedAt:desc&pagination[limit]=3&status=published (4 ms) 200
[2026-05-15 20:16:26.751] [32mhttp[39m: GET /api/global (4 ms) 200
[2m10:36:09[22m [36m[1m[vite][22m[39m [32mpage reload [39m[2m.strapi/client/index.html[22m
[2m10:36:09[22m [36m[1m[vite][22m[39m [32mpage reload [39m[2m.strapi/client/app.js[22m
[2026-05-16 10:57:15.511] [32mhttp[39m: GET /api/services?sort=order:asc&pagination[limit]=10&status=published (16 ms) 200
[2026-05-16 10:57:15.521] [32mhttp[39m: GET /api/homepage?status=published (5 ms) 200
[2026-05-16 10:57:15.532] [32mhttp[39m: GET /api/faqs?sort=order:asc&pagination[limit]=20&status=published (9 ms) 200
[2026-05-16 10:57:15.542] [32mhttp[39m: GET /api/blog-posts?sort=publishedAt:desc&pagination[limit]=3&status=published (7 ms) 200
[2026-05-16 10:57:15.550] [32mhttp[39m: GET /api/global (5 ms) 200
[2026-05-16 10:57:25.474] [32mhttp[39m: GET /api/homepage?status=published (3 ms) 200
[2026-05-16 10:57:25.487] [32mhttp[39m: GET /api/services?sort=order:asc&pagination[limit]=10&status=published (10 ms) 200
[2026-05-16 10:57:25.496] [32mhttp[39m: GET /api/faqs?sort=order:asc&pagination[limit]=20&status=published (7 ms) 200
[2026-05-16 10:57:25.505] [32mhttp[39m: GET /api/blog-posts?sort=publishedAt:desc&pagination[limit]=3&status=published (7 ms) 200
[2026-05-16 10:57:25.511] [32mhttp[39m: GET /api/global (4 ms) 200
[2026-05-16 10:57:30.200] [32mhttp[39m: GET /api/homepage?status=published (4 ms) 200
[2026-05-16 10:57:30.210] [32mhttp[39m: GET /api/services?sort=order:asc&pagination[limit]=10&status=published (8 ms) 200
[2026-05-16 10:57:30.220] [32mhttp[39m: GET /api/blog-posts?sort=publishedAt:desc&pagination[limit]=3&status=published (8 ms) 200
[2026-05-16 10:57:30.229] [32mhttp[39m: GET /api/faqs?sort=order:asc&pagination[limit]=20&status=published (7 ms) 200
[2026-05-16 10:57:30.235] [32mhttp[39m: GET /api/global (4 ms) 200
[2026-05-16 10:57:48.689] [32mhttp[39m: GET /admin/plugins/content-type-builder/content-types/api::blog-post.blog-post (23 ms) 200
[2026-05-16 10:57:49.343] [32mhttp[39m: GET /admin/project-type (4 ms) 200
[2026-05-16 10:57:49.982] [32mhttp[39m: GET /admin/init (6 ms) 200
[2026-05-16 10:57:49.988] [32mhttp[39m: GET /admin/users/me (4 ms) 401
[2026-05-16 10:57:49.992] [32mhttp[39m: GET /admin/users/me/permissions (3 ms) 401
[2026-05-16 10:57:50.014] [32mhttp[39m: GET /admin/information (5 ms) 401
[2026-05-16 10:57:50.023] [32mhttp[39m: GET /admin/telemetry-properties (8 ms) 401
[2026-05-16 10:57:50.025] [32mhttp[39m: POST /admin/access-token (6 ms) 401
[2026-05-16 10:57:50.031] [32mhttp[39m: POST /admin/logout (2 ms) 401
[2026-05-16 10:57:50.034] [32mhttp[39m: POST /admin/logout (2 ms) 401
[2026-05-16 10:57:50.035] [32mhttp[39m: POST /admin/logout (2 ms) 401
[2026-05-16 10:57:50.069] [32mhttp[39m: GET /admin/auth/login (7 ms) 200
[2026-05-16 10:57:50.411] [32mhttp[39m: GET /admin/project-type (4 ms) 200
[2026-05-16 10:57:50.615] [32mhttp[39m: GET /admin/init (4 ms) 200
[2026-05-16 10:57:52.186] [32mhttp[39m: POST /admin/login (126 ms) 200
[2026-05-16 10:57:52.220] [32mhttp[39m: GET /admin/users/me (20 ms) 200
[2026-05-16 10:57:52.250] [32mhttp[39m: GET /admin/users/me/permissions (29 ms) 200
[2026-05-16 10:57:52.275] [32mhttp[39m: GET /admin/telemetry-properties (49 ms) 200
[2026-05-16 10:57:52.313] [32mhttp[39m: GET /admin/information (25 ms) 200
[2026-05-16 10:57:52.413] [32mhttp[39m: GET /admin/guided-tour-meta (20 ms) 200
[2026-05-16 10:57:52.447] [32mhttp[39m: GET /content-manager/homepage/count-documents (27 ms) 200
[2026-05-16 10:57:52.464] [32mhttp[39m: GET /admin/homepage/layout (46 ms) 200
[2026-05-16 10:57:52.484] [32mhttp[39m: GET /admin/homepage/key-statistics (36 ms) 200
[2026-05-16 10:57:52.493] [32mhttp[39m: GET /admin/license-limit-information (79 ms) 200
[2026-05-16 10:57:52.744] [32mhttp[39m: GET /content-manager/homepage/recent-documents?action=update (42 ms) 200
[2026-05-16 10:57:52.777] [32mhttp[39m: GET /content-manager/homepage/recent-documents?action=publish (32 ms) 200
[2026-05-16 10:57:58.424] [32mhttp[39m: GET /content-manager/init (14 ms) 200
[2026-05-16 10:57:58.462] [32mhttp[39m: GET /content-manager/content-types-settings (36 ms) 200
[2026-05-16 10:57:58.581] [32mhttp[39m: GET /content-manager/init (16 ms) 200
[2026-05-16 10:57:58.643] [32mhttp[39m: GET /content-manager/content-types/api::blog-post.blog-post/configuration (22 ms) 200
[2026-05-16 10:57:58.698] [32mhttp[39m: GET /content-manager/collection-types/api::blog-post.blog-post?page=1&pageSize=10&sort=title%3AASC (28 ms) 200
[2026-05-16 10:57:58.806] [32mhttp[39m: GET /admin/ai-feature-config (21 ms) 404
[2026-05-16 10:57:58.828] [32mhttp[39m: GET /i18n/locales (21 ms) 200
[2026-05-16 11:00:02.542] [32mhttp[39m: GET /admin/homepage/layout (13 ms) 200
[2026-05-16 11:00:02.564] [32mhttp[39m: GET /content-manager/homepage/count-documents (21 ms) 200
[2026-05-16 11:00:02.580] [32mhttp[39m: GET /admin/homepage/key-statistics (15 ms) 200
[2026-05-16 11:00:02.607] [32mhttp[39m: GET /content-manager/homepage/recent-documents?action=update (27 ms) 200
[2026-05-16 11:00:02.629] [32mhttp[39m: GET /content-manager/homepage/recent-documents?action=publish (22 ms) 200
[2026-05-16 11:00:04.976] [32mhttp[39m: GET /content-manager/init (12 ms) 200
[2026-05-16 11:00:05.118] [32mhttp[39m: GET /admin/ai-feature-config (13 ms) 404
[2026-05-16 11:00:10.651] [32mhttp[39m: GET /content-manager/content-types/api::faq.faq/configuration (12 ms) 200
[2026-05-16 11:00:10.710] [32mhttp[39m: GET /content-manager/collection-types/api::faq.faq?page=1&pageSize=10&sort=question%3AASC (19 ms) 200
[2026-05-16 11:00:10.810] [32mhttp[39m: GET /admin/ai-feature-config (14 ms) 404
[2026-05-16 11:00:15.485] [32mhttp[39m: GET /content-manager/content-types/api::service.service/configuration (13 ms) 200
[2026-05-16 11:00:15.512] [32mhttp[39m: GET /content-manager/collection-types/api::service.service?page=1&pageSize=10&sort=title%3AASC (19 ms) 200
[2026-05-16 11:00:15.593] [32mhttp[39m: GET /admin/ai-feature-config (11 ms) 404
[2026-05-16 11:00:18.357] [32mhttp[39m: GET /upload/settings (11 ms) 200
[2026-05-16 11:00:18.370] [32mhttp[39m: GET /upload/configuration (13 ms) 200
[2026-05-16 11:00:18.431] [32mhttp[39m: GET /upload/files?sort=createdAt:DESC&page=1&pageSize=10&filters[$and][0][folderPath][$eq]=/ (19 ms) 200
[2026-05-16 11:00:18.451] [32mhttp[39m: GET /upload/folders?sort=createdAt:DESC&page=1&pageSize=10&pagination[pageSize]=-1&filters[$and][0][parent][id][$null]=true (15 ms) 200
[2026-05-16 11:00:18.503] [32mhttp[39m: GET /upload/settings (13 ms) 200
[2026-05-16 11:00:20.317] [32mhttp[39m: GET /admin/ai-usage (12 ms) 404
[2026-05-16 11:00:20.334] [32mhttp[39m: GET /content-type-builder/schema (16 ms) 200
[2026-05-16 11:00:20.348] [32mhttp[39m: GET /content-type-builder/reserved-names (13 ms) 200
[2026-05-16 11:00:20.364] [32mhttp[39m: GET /admin/ai-token (15 ms) 404
[2026-05-16 11:00:20.399] [32mhttp[39m: GET /admin/ai-token (13 ms) 404
[2026-05-16 11:00:37.591] [32mhttp[39m: GET /admin/ai-usage (12 ms) 404
[2026-05-16 11:00:37.614] [32mhttp[39m: GET /content-type-builder/schema (13 ms) 200
[2026-05-16 11:00:37.626] [32mhttp[39m: GET /content-type-builder/reserved-names (10 ms) 200
[2026-05-16 11:00:37.641] [32mhttp[39m: GET /admin/ai-token (13 ms) 404
[2026-05-16 11:00:37.786] [32mhttp[39m: GET /admin/ai-token (13 ms) 404
[2026-05-16 11:09:33.989] [32mhttp[39m: GET /api/homepage?status=published (7 ms) 200
[2026-05-16 11:09:34.001] [32mhttp[39m: GET /api/services?sort=order:asc&pagination[limit]=10&status=published (9 ms) 200
[2026-05-16 11:09:34.013] [32mhttp[39m: GET /api/faqs?sort=order:asc&pagination[limit]=20&status=published (9 ms) 200
[2026-05-16 11:09:34.024] [32mhttp[39m: GET /api/blog-posts?sort=publishedAt:desc&pagination[limit]=3&status=published (9 ms) 200
[2026-05-16 11:09:34.030] [32mhttp[39m: GET /api/global (4 ms) 200
[2026-05-16 11:21:36.319] [32mhttp[39m: GET /api/blog-posts?sort=publishedAt:desc&pagination[limit]=20&status=published (7 ms) 200
[2026-05-16 11:21:36.333] [32mhttp[39m: GET /api/global (3 ms) 200
[2026-05-16 11:21:36.348] [32mhttp[39m: GET /api/global (4 ms) 200
[2026-05-16 11:21:36.357] [32mhttp[39m: GET /api/global (3 ms) 200
[2026-05-16 11:21:36.371] [32mhttp[39m: GET /api/blog-posts?sort=publishedAt:desc&pagination[limit]=20&status=published (6 ms) 200
[2026-05-16 11:21:36.377] [32mhttp[39m: GET /api/global (4 ms) 200
[2026-05-16 11:21:36.397] [32mhttp[39m: GET /api/homepage?status=published (3 ms) 200
[2026-05-16 11:21:36.405] [32mhttp[39m: GET /api/services?sort=order:asc&pagination[limit]=10&status=published (6 ms) 200
[2026-05-16 11:21:36.413] [32mhttp[39m: GET /api/faqs?sort=order:asc&pagination[limit]=20&status=published (6 ms) 200
[2026-05-16 11:21:36.422] [32mhttp[39m: GET /api/blog-posts?sort=publishedAt:desc&pagination[limit]=3&status=published (6 ms) 200
[2026-05-16 11:21:36.432] [32mhttp[39m: GET /api/global (3 ms) 200
[2026-05-16 11:22:16.937] [32mhttp[39m: GET /api/blog-posts?sort=publishedAt:desc&pagination[limit]=20&status=published (7 ms) 200
[2026-05-16 11:22:16.951] [32mhttp[39m: GET /api/global (4 ms) 200
[2026-05-16 11:24:49.074] [32mhttp[39m: GET /api/homepage?status=published (4 ms) 200
[2026-05-16 11:24:49.083] [32mhttp[39m: GET /api/services?sort=order:asc&pagination[limit]=10&status=published (7 ms) 200
[2026-05-16 11:24:49.092] [32mhttp[39m: GET /api/faqs?sort=order:asc&pagination[limit]=20&status=published (7 ms) 200
[2026-05-16 11:24:49.099] [32mhttp[39m: GET /api/blog-posts?sort=publishedAt:desc&pagination[limit]=3&status=published (5 ms) 200
[2026-05-16 11:24:49.104] [32mhttp[39m: GET /api/global (4 ms) 200
[2026-05-16 11:24:58.514] [32mhttp[39m: GET /api/blog-posts?sort=publishedAt:desc&pagination[limit]=20&status=published (7 ms) 200
[2026-05-16 11:24:58.528] [32mhttp[39m: GET /api/global (4 ms) 200
[2026-05-16 11:24:58.542] [32mhttp[39m: GET /api/global (3 ms) 200
[2026-05-16 11:24:58.551] [32mhttp[39m: GET /api/global (3 ms) 200
[2026-05-16 11:24:58.565] [32mhttp[39m: GET /api/blog-posts?sort=publishedAt:desc&pagination[limit]=20&status=published (6 ms) 200
[2026-05-16 11:24:58.570] [32mhttp[39m: GET /api/global (4 ms) 200
[2026-05-16 11:24:58.588] [32mhttp[39m: GET /api/homepage?status=published (4 ms) 200
[2026-05-16 11:24:58.597] [32mhttp[39m: GET /api/services?sort=order:asc&pagination[limit]=10&status=published (7 ms) 200
[2026-05-16 11:24:58.605] [32mhttp[39m: GET /api/faqs?sort=order:asc&pagination[limit]=20&status=published (6 ms) 200
[2026-05-16 11:24:58.615] [32mhttp[39m: GET /api/blog-posts?sort=publishedAt:desc&pagination[limit]=3&status=published (6 ms) 200
[2026-05-16 11:24:58.621] [32mhttp[39m: GET /api/global (4 ms) 200
[2026-05-16 11:25:16.191] [32mhttp[39m: GET /api/homepage?status=published (4 ms) 200
[2026-05-16 11:25:16.200] [32mhttp[39m: GET /api/services?sort=order:asc&pagination[limit]=10&status=published (6 ms) 200
[2026-05-16 11:25:16.211] [32mhttp[39m: GET /api/faqs?sort=order:asc&pagination[limit]=20&status=published (8 ms) 200
[2026-05-16 11:25:16.221] [32mhttp[39m: GET /api/blog-posts?sort=publishedAt:desc&pagination[limit]=3&status=published (7 ms) 200
[2026-05-16 11:25:16.229] [32mhttp[39m: GET /api/global (5 ms) 200
[2026-05-16 11:25:20.070] [32mhttp[39m: GET /api/blog-posts?sort=publishedAt:desc&pagination[limit]=20&status=published (8 ms) 200
[2026-05-16 11:25:20.080] [32mhttp[39m: GET /api/global (4 ms) 200
[2026-05-16 11:25:32.172] [32mhttp[39m: GET /api/global (6 ms) 200
[2026-05-16 11:26:38.792] [32mhttp[39m: GET /api/blog-posts?sort=publishedAt:desc&pagination[limit]=20&status=published (12 ms) 200
[2026-05-16 11:26:39.000] [32mhttp[39m: GET /api/global (4 ms) 200
[2026-05-16 11:26:50.547] [32mhttp[39m: GET /api/blog-posts?sort=publishedAt:desc&pagination[limit]=20&status=published (9 ms) 200
[2026-05-16 11:26:50.564] [32mhttp[39m: GET /api/global (4 ms) 200
[2026-05-16 11:26:50.583] [32mhttp[39m: GET /api/global (3 ms) 200
[2026-05-16 11:26:50.594] [32mhttp[39m: GET /api/global (3 ms) 200
[2026-05-16 11:26:50.611] [32mhttp[39m: GET /api/blog-posts?sort=publishedAt:desc&pagination[limit]=20&status=published (7 ms) 200
[2026-05-16 11:26:50.617] [32mhttp[39m: GET /api/global (4 ms) 200
[2026-05-16 11:26:50.641] [32mhttp[39m: GET /api/homepage?status=published (6 ms) 200
[2026-05-16 11:26:50.650] [32mhttp[39m: GET /api/services?sort=order:asc&pagination[limit]=10&status=published (7 ms) 200
[2026-05-16 11:26:50.663] [32mhttp[39m: GET /api/faqs?sort=order:asc&pagination[limit]=20&status=published (9 ms) 200
[2026-05-16 11:26:50.683] [32mhttp[39m: GET /api/blog-posts?sort=publishedAt:desc&pagination[limit]=3&status=published (9 ms) 200
[2026-05-16 11:26:50.697] [32mhttp[39m: GET /api/global (6 ms) 200
[2026-05-16 11:26:50.787] [32mhttp[39m: GET /api/blog-posts?sort=publishedAt:desc&pagination[limit]=20&status=published (11 ms) 200
[2026-05-16 11:26:50.793] [32mhttp[39m: GET /api/global (5 ms) 200
[2026-05-16 11:27:04.283] [32mhttp[39m: GET /api/blog-posts?sort=publishedAt:desc&pagination[limit]=20&status=published (8 ms) 200
[2026-05-16 11:27:04.295] [32mhttp[39m: GET /api/global (5 ms) 200
[2026-05-16 11:27:08.623] [32mhttp[39m: GET /api/blog-posts?sort=publishedAt:desc&pagination[limit]=20&status=published (7 ms) 200
[2026-05-16 11:27:08.630] [32mhttp[39m: GET /api/global (5 ms) 200
[2026-05-16 11:27:41.920] [32mhttp[39m: GET /api/blog-posts?sort=publishedAt:desc&pagination[limit]=20&status=published (12 ms) 200
[2026-05-16 11:27:41.931] [32mhttp[39m: GET /api/global (7 ms) 200
[2026-05-16 11:27:48.629] [32mhttp[39m: GET /api/homepage?status=published (4 ms) 200
[2026-05-16 11:27:48.637] [32mhttp[39m: GET /api/services?sort=order:asc&pagination[limit]=10&status=published (6 ms) 200
[2026-05-16 11:27:48.647] [32mhttp[39m: GET /api/faqs?sort=order:asc&pagination[limit]=20&status=published (7 ms) 200
[2026-05-16 11:27:48.655] [32mhttp[39m: GET /api/blog-posts?sort=publishedAt:desc&pagination[limit]=3&status=published (6 ms) 200
[2026-05-16 11:27:48.660] [32mhttp[39m: GET /api/global (3 ms) 200
[2026-05-16 11:27:56.947] [32mhttp[39m: GET /api/blog-posts?sort=publishedAt:desc&pagination[limit]=20&status=published (8 ms) 200
[2026-05-16 11:27:56.961] [32mhttp[39m: GET /api/global (8 ms) 200
[2026-05-16 11:28:01.439] [32mhttp[39m: GET /api/blog-posts?sort=publishedAt:desc&pagination[limit]=20&status=published (8 ms) 200
[2026-05-16 11:28:01.444] [32mhttp[39m: GET /api/global (3 ms) 200
[2026-05-16 11:28:03.049] [32mhttp[39m: GET /api/global (4 ms) 200
[2026-05-16 11:28:04.507] [32mhttp[39m: GET /api/blog-posts?sort=publishedAt:desc&pagination[limit]=20&status=published (7 ms) 200
[2026-05-16 11:28:04.513] [32mhttp[39m: GET /api/global (4 ms) 200
[2026-05-16 11:28:14.964] [32mhttp[39m: GET /api/global (5 ms) 200
[2026-05-16 11:28:52.662] [32mhttp[39m: GET /api/global (6 ms) 200
[2026-05-16 11:29:11.290] [32mhttp[39m: GET /api/blog-posts?sort=publishedAt:desc&pagination[limit]=20&status=published (8 ms) 200
[2026-05-16 11:29:11.297] [32mhttp[39m: GET /api/global (4 ms) 200
[2026-05-16 11:29:19.745] [32mhttp[39m: GET /api/blog-posts?sort=publishedAt:desc&pagination[limit]=20&status=published (10 ms) 200
[2026-05-16 11:29:19.756] [32mhttp[39m: GET /api/global (6 ms) 200
[2026-05-16 11:29:30.200] [32mhttp[39m: GET /api/blog-posts?sort=publishedAt:desc&pagination[limit]=20&status=published (7 ms) 200
[2026-05-16 11:29:30.214] [32mhttp[39m: GET /api/global (6 ms) 200
[2026-05-16 11:29:31.582] [32mhttp[39m: GET /api/blog-posts?sort=publishedAt:desc&pagination[limit]=20&status=published (9 ms) 200
[2026-05-16 11:29:31.603] [32mhttp[39m: GET /api/global (4 ms) 200
[2026-05-16 11:29:31.622] [32mhttp[39m: GET /api/global (4 ms) 200
[2026-05-16 11:29:31.635] [32mhttp[39m: GET /api/global (5 ms) 200
[2026-05-16 11:29:31.655] [32mhttp[39m: GET /api/blog-posts?sort=publishedAt:desc&pagination[limit]=20&status=published (10 ms) 200
[2026-05-16 11:29:31.663] [32mhttp[39m: GET /api/global (5 ms) 200
[2026-05-16 11:29:31.690] [32mhttp[39m: GET /api/homepage?status=published (6 ms) 200
[2026-05-16 11:29:31.703] [32mhttp[39m: GET /api/services?sort=order:asc&pagination[limit]=10&status=published (11 ms) 200
[2026-05-16 11:29:31.717] [32mhttp[39m: GET /api/faqs?sort=order:asc&pagination[limit]=20&status=published (11 ms) 200
[2026-05-16 11:29:31.738] [32mhttp[39m: GET /api/blog-posts?sort=publishedAt:desc&pagination[limit]=3&status=published (13 ms) 200
[2026-05-16 11:29:31.760] [32mhttp[39m: GET /api/global (5 ms) 200
[2026-05-16 11:29:37.405] [32mhttp[39m: GET /api/homepage?status=published (4 ms) 200
[2026-05-16 11:29:37.415] [32mhttp[39m: GET /api/services?sort=order:asc&pagination[limit]=10&status=published (7 ms) 200
[2026-05-16 11:29:37.428] [32mhttp[39m: GET /api/faqs?sort=order:asc&pagination[limit]=20&status=published (11 ms) 200
[2026-05-16 11:29:37.439] [32mhttp[39m: GET /api/blog-posts?sort=publishedAt:desc&pagination[limit]=3&status=published (9 ms) 200
[2026-05-16 11:29:37.448] [32mhttp[39m: GET /api/global (7 ms) 200
[2026-05-16 11:30:16.888] [32mhttp[39m: GET /api/homepage?status=published (4 ms) 200
[2026-05-16 11:30:16.933] [32mhttp[39m: GET /api/services?sort=order:asc&pagination[limit]=10&status=published (36 ms) 200
[2026-05-16 11:30:16.956] [32mhttp[39m: GET /api/faqs?sort=order:asc&pagination[limit]=20&status=published (19 ms) 200
[2026-05-16 11:30:16.970] [32mhttp[39m: GET /api/blog-posts?sort=publishedAt:desc&pagination[limit]=3&status=published (11 ms) 200
[2026-05-16 11:30:16.978] [32mhttp[39m: GET /api/global (5 ms) 200
[2026-05-16 11:30:19.186] [32mhttp[39m: GET /api/global (4 ms) 200
[2026-05-16 11:32:12.162] [32mhttp[39m: GET /api/global (5 ms) 200
[2026-05-16 11:32:16.200] [32mhttp[39m: GET /api/homepage?status=published (6 ms) 200
[2026-05-16 11:32:16.209] [32mhttp[39m: GET /api/services?sort=order:asc&pagination[limit]=10&status=published (6 ms) 200
[2026-05-16 11:32:16.221] [32mhttp[39m: GET /api/blog-posts?sort=publishedAt:desc&pagination[limit]=3&status=published (9 ms) 200
[2026-05-16 11:32:16.231] [32mhttp[39m: GET /api/faqs?sort=order:asc&pagination[limit]=20&status=published (7 ms) 200
[2026-05-16 11:32:16.238] [32mhttp[39m: GET /api/global (4 ms) 200
[2026-05-16 11:32:21.042] [32mhttp[39m: GET /api/global (5 ms) 200
[2026-05-16 11:32:24.417] [32mhttp[39m: GET /api/homepage?status=published (5 ms) 200
[2026-05-16 11:32:24.426] [32mhttp[39m: GET /api/services?sort=order:asc&pagination[limit]=10&status=published (7 ms) 200
[2026-05-16 11:32:24.436] [32mhttp[39m: GET /api/blog-posts?sort=publishedAt:desc&pagination[limit]=3&status=published (8 ms) 200
[2026-05-16 11:32:24.445] [32mhttp[39m: GET /api/faqs?sort=order:asc&pagination[limit]=20&status=published (7 ms) 200
[2026-05-16 11:32:24.451] [32mhttp[39m: GET /api/global (3 ms) 200
[2026-05-16 11:32:28.181] [32mhttp[39m: GET /api/global (4 ms) 200
[2026-05-16 11:32:33.673] [32mhttp[39m: GET /api/homepage?status=published (5 ms) 200
[2026-05-16 11:32:33.684] [32mhttp[39m: GET /api/services?sort=order:asc&pagination[limit]=10&status=published (8 ms) 200
[2026-05-16 11:32:33.693] [32mhttp[39m: GET /api/faqs?sort=order:asc&pagination[limit]=20&status=published (8 ms) 200
[2026-05-16 11:32:33.703] [32mhttp[39m: GET /api/blog-posts?sort=publishedAt:desc&pagination[limit]=3&status=published (8 ms) 200
[2026-05-16 11:32:33.707] [32mhttp[39m: GET /api/global (3 ms) 200
[2026-05-16 11:32:36.658] [32mhttp[39m: GET /api/blog-posts?sort=publishedAt:desc&pagination[limit]=20&status=published (7 ms) 200
[2026-05-16 11:32:36.665] [32mhttp[39m: GET /api/global (5 ms) 200
[2026-05-16 11:32:47.729] [32mhttp[39m: GET /api/homepage?status=published (5 ms) 200
[2026-05-16 11:32:47.740] [32mhttp[39m: GET /api/services?sort=order:asc&pagination[limit]=10&status=published (9 ms) 200
[2026-05-16 11:32:47.752] [32mhttp[39m: GET /api/faqs?sort=order:asc&pagination[limit]=20&status=published (9 ms) 200
[2026-05-16 11:32:47.762] [32mhttp[39m: GET /api/blog-posts?sort=publishedAt:desc&pagination[limit]=3&status=published (7 ms) 200
[2026-05-16 11:32:47.768] [32mhttp[39m: GET /api/global (4 ms) 200
[2026-05-16 11:32:50.872] [32mhttp[39m: GET /api/global (3 ms) 200
[2026-05-16 11:32:52.567] [32mhttp[39m: GET /api/homepage?status=published (7 ms) 200
[2026-05-16 11:32:52.580] [32mhttp[39m: GET /api/services?sort=order:asc&pagination[limit]=10&status=published (11 ms) 200
[2026-05-16 11:32:52.593] [32mhttp[39m: GET /api/faqs?sort=order:asc&pagination[limit]=20&status=published (10 ms) 200
[2026-05-16 11:32:52.605] [32mhttp[39m: GET /api/blog-posts?sort=publishedAt:desc&pagination[limit]=3&status=published (9 ms) 200
[2026-05-16 11:32:52.613] [32mhttp[39m: GET /api/global (5 ms) 200
[2026-05-16 11:32:56.674] [32mhttp[39m: GET /api/blog-posts?sort=publishedAt:desc&pagination[limit]=20&status=published (7 ms) 200
[2026-05-16 11:32:56.681] [32mhttp[39m: GET /api/global (4 ms) 200
[2026-05-16 11:33:37.012] [32mhttp[39m: GET /api/blog-posts?sort=publishedAt:desc&pagination[limit]=20&status=published (8 ms) 200
[2026-05-16 11:33:37.021] [32mhttp[39m: GET /api/global (6 ms) 200
[2026-05-16 11:33:47.879] [32mhttp[39m: GET /api/blog-posts?sort=publishedAt:desc&pagination[limit]=20&status=published (7 ms) 200
[2026-05-16 11:33:47.885] [32mhttp[39m: GET /api/global (3 ms) 200
[2026-05-16 11:33:51.274] [32mhttp[39m: GET /api/homepage?status=published (3 ms) 200
[2026-05-16 11:33:51.281] [32mhttp[39m: GET /api/services?sort=order:asc&pagination[limit]=10&status=published (5 ms) 200
[2026-05-16 11:33:51.294] [32mhttp[39m: GET /api/faqs?sort=order:asc&pagination[limit]=20&status=published (11 ms) 200
[2026-05-16 11:33:51.307] [32mhttp[39m: GET /api/blog-posts?sort=publishedAt:desc&pagination[limit]=3&status=published (10 ms) 200
[2026-05-16 11:33:51.315] [32mhttp[39m: GET /api/global (5 ms) 200
[2026-05-16 11:34:11.225] [32mhttp[39m: GET /api/blog-posts?sort=publishedAt:desc&pagination[limit]=20&status=published (9 ms) 200
[2026-05-16 11:34:11.240] [32mhttp[39m: GET /api/global (6 ms) 200
[2026-05-16 11:34:13.322] [32mhttp[39m: GET /api/homepage?status=published (5 ms) 200
[2026-05-16 11:34:13.330] [32mhttp[39m: GET /api/services?sort=order:asc&pagination[limit]=10&status=published (6 ms) 200
[2026-05-16 11:34:13.340] [32mhttp[39m: GET /api/blog-posts?sort=publishedAt:desc&pagination[limit]=3&status=published (8 ms) 200
[2026-05-16 11:34:13.350] [32mhttp[39m: GET /api/faqs?sort=order:asc&pagination[limit]=20&status=published (7 ms) 200
[2026-05-16 11:34:13.357] [32mhttp[39m: GET /api/global (4 ms) 200
[2026-05-16 11:34:15.861] [32mhttp[39m: GET /api/global (4 ms) 200
[2026-05-16 11:34:17.394] [32mhttp[39m: GET /api/homepage?status=published (4 ms) 200
[2026-05-16 11:34:17.405] [32mhttp[39m: GET /api/services?sort=order:asc&pagination[limit]=10&status=published (8 ms) 200
[2026-05-16 11:34:17.415] [32mhttp[39m: GET /api/faqs?sort=order:asc&pagination[limit]=20&status=published (7 ms) 200
[2026-05-16 11:34:17.424] [32mhttp[39m: GET /api/blog-posts?sort=publishedAt:desc&pagination[limit]=3&status=published (6 ms) 200
[2026-05-16 11:34:17.428] [32mhttp[39m: GET /api/global (2 ms) 200
[2026-05-16 11:34:19.867] [32mhttp[39m: GET /api/global (4 ms) 200
[2026-05-16 11:34:22.361] [32mhttp[39m: GET /api/homepage?status=published (5 ms) 200
[2026-05-16 11:34:22.374] [32mhttp[39m: GET /api/services?sort=order:asc&pagination[limit]=10&status=published (10 ms) 200
[2026-05-16 11:34:22.386] [32mhttp[39m: GET /api/faqs?sort=order:asc&pagination[limit]=20&status=published (9 ms) 200
[2026-05-16 11:34:22.397] [32mhttp[39m: GET /api/blog-posts?sort=publishedAt:desc&pagination[limit]=3&status=published (8 ms) 200
[2026-05-16 11:34:22.404] [32mhttp[39m: GET /api/global (5 ms) 200
[2026-05-16 11:34:26.385] [32mhttp[39m: GET /api/blog-posts?sort=publishedAt:desc&pagination[limit]=20&status=published (7 ms) 200
[2026-05-16 11:34:26.391] [32mhttp[39m: GET /api/global (3 ms) 200
